// Jest Snapshot v1, https://goo.gl/fbAQLP

exports[`App App: есть корректный снимок 1`] = `
<div
  className="page"
>
  <div
    className="interactions"
  >
    <form
      onSubmit={[Function]}
    >
      Поиск
      <input
        onChange={[Function]}
        type="search"
        value="redux"
      />
      <button
        type="submit"
      >
        Поиск
      </button>
    </form>
  </div>
  <div
    className="table"
  />
  <div
    className="interactions"
  >
    <button
      className=""
      onClick={[Function]}
      type="button"
    >
      Больше историй
    </button>
  </div>
</div>
`;
